Archive member included because of file (symbol)

../../firmware/libbase/libbase-light.a(divsi3.o)
                              soc-hw.o (__divsi3)

Allocating common symbols
Common symbol       size              file

UartBuffer          0x64              main.o
isr_table           0x80              soc-hw.o
tic_msec            0x4               soc-hw.o

Memory Configuration

Name             Origin             Length             Attributes
ram              0x00000000         0x00004000
*default*        0x00000000         0xffffffff

Linker script and memory map

                0x00000000                __DYNAMIC = 0x0
                0x00000000                _RAM_START = 0x0
                0x00004000                _RAM_SIZE = 0x4000
                0x00004000                _RAM_END = (_RAM_START + _RAM_SIZE)

.text           0x00000000     0x3478
                0x00000000                _ftext = .
 *(.text .stub .text.* .gnu.linkonce.t.*)
 .text          0x00000000      0x208 crt0ram.o
                0x00000200                get_gp
                0x000001f8                get_sp
                0x00000140                irq_enable
                0x00000160                irq_get_mask
                0x00000000                _start
                0x00000168                jump
                0x00000158                irq_set_mask
                0x0000014c                irq_disable
                0x0000016c                halt
 .text          0x00000208      0x3d8 main.o
                0x00000208                commandProcessing
                0x00000464                commandUart_TaskHandler
                0x00000508                main
 .text          0x000005e0     0x2e20 soc-hw.o
                0x000006a4                mSleep
                0x00000e68                SK6812RGBW_nBits
                0x00000710                tic_isr
                0x00000d48                print_char
                0x00000860                txbusy
                0x00000b34                i2c_write
                0x00000a94                set_start
                0x000007d8                uart_putstr
                0x00000e48                SK6812RGBW_rgbw
                0x00000ed8                print_cadena_ascii
                0x000009b8                itoa
                0x00000a88                WIFIRecivFiltro
                0x00000684                isr_unregister
                0x00000f90                WIFI_INIT
                0x00002798                clear_GDRAM
                0x00000a8c                WIFIRecivTakeImagen
                0x00000b68                send_command_display
                0x000028d4                print_wifi_hour
                0x00000ab8                leds_refresh
                0x00000784                uart_getchar
                0x000019d0                WIFISendComida
                0x00002384                init_display
                0x00001adc                print_entero_ascii
                0x00001494                WIFISendPotencia
                0x000008d8                strstr
                0x000006dc                uSleep
                0x0000066c                isr_register
                0x00001ca0                WIFIStartSend
                0x00000e34                SK6812RGBW_busy
                0x00000888                memcmp
                0x00000a90                WIFIRecivAlimen
                0x000018c4                WIFISendImagen
                0x00000ba0                send_data_display
                0x00000af0                i2c_read
                0x00000e88                SK6812RGBW_source
                0x000011e0                WIFIConnectServer
                0x000016ac                WIFISendTemp
                0x00000874                rxavail
                0x00000648                isr_init
                0x000005e4                irq_handler
                0x000005e0                isr_null
                0x0000073c                tic_init
                0x00000bdc                sec_on_display
                0x00002b88                principal_display
                0x00000c48                set_position
                0x00000ea8                SK6812RGBW_ram
                0x0000098c                strlen
                0x000017b8                WIFISendFiltro
                0x00000ebc                SK6812RGBW_ram_w
                0x00000dc4                fuente_read_data
                0x00000df0                SK6812RGBW_init
                0x000015a0                WIFISendpH
                0x000007a8                uart_putchar
                0x00000adc                leds_finish
 .text          0x00003400       0x78 ../../firmware/libbase/libbase-light.a(divsi3.o)
                0x00003400                __divsi3
                0x0000343c                __modsi3
                0x00003478                _etext = .

.rodata         0x00003478      0x1ac
                0x00003478                . = ALIGN (0x4)
                0x00003478                _frodata = .
 *(.rodata .rodata.* .gnu.linkonce.r.*)
 .rodata.str1.4
                0x00003478       0x91 main.o
                                 0x94 (size before relaxing)
 *fill*         0x00003509        0x3 00
 .rodata.str1.4
                0x0000350c      0x118 soc-hw.o
                                0x11c (size before relaxing)
 *(.rodata1)
                0x00003624                _erodata = .

.data           0x00003624       0x20
                0x00003624                . = ALIGN (0x4)
                0x00003624                _fdata = .
 *(.data .data.* .gnu.linkonce.d.*)
 .data          0x00003624        0x0 crt0ram.o
 .data          0x00003624        0x0 main.o
 .data          0x00003624       0x20 soc-hw.o
                0x00003624                uart0
                0x00003640                fuente0
                0x00003638                i2c0
                0x00003628                timer0
                0x00003634                leds0
                0x00003630                uart1
                0x0000362c                gpio0
                0x0000363c                SK6812RGBW0
 .data          0x00003644        0x0 ../../firmware/libbase/libbase-light.a(divsi3.o)
 *(.data1)
                0x00003650                _gp = ALIGN (0x10)
 *(.sdata .sdata.* .gnu.linkonce.s.*)
                0x00003644                _edata = .

.bss            0x00003644       0xec
                0x00003644                . = ALIGN (0x4)
                0x00003644                _fbss = .
 *(.dynsbss)
 *(.sbss .sbss.* .gnu.linkonce.sb.*)
 *(.scommon)
 *(.dynbss)
 *(.bss .bss.* .gnu.linkonce.b.*)
 .bss           0x00003644        0x0 crt0ram.o
 .bss           0x00003644        0x4 main.o
                0x00003644                UartBufferPtr
 .bss           0x00003648        0x0 soc-hw.o
 .bss           0x00003648        0x0 ../../firmware/libbase/libbase-light.a(divsi3.o)
 *(COMMON)
 COMMON         0x00003648       0x64 main.o
                0x00003648                UartBuffer
 COMMON         0x000036ac       0x84 soc-hw.o
                0x000036ac                isr_table
                0x0000372c                tic_msec
                0x00003730                _ebss = .
                0x00003730                _end = .
                0x00003ffc                PROVIDE (_fstack, 0x3ffc)
LOAD crt0ram.o
LOAD main.o
LOAD soc-hw.o
START GROUP
LOAD ../../firmware/libbase/libbase-light.a
END GROUP
OUTPUT(image.elf elf32-lm32)

.comment        0x00000000       0x36
 .comment       0x00000000       0x12 main.o
 .comment       0x00000012       0x12 soc-hw.o
 .comment       0x00000024       0x12 ../../firmware/libbase/libbase-light.a(divsi3.o)
